// Jest Snapshot v1, https://goo.gl/fbAQLP

exports[`CliParser Every syntax feature 1`] = `
Object {
  "_testInput": Array [
    "--global-flag",
  ],
  "result": Object {
    "errorMessage": undefined,
    "parameterResultsByIdentifier": Object {
      "globalFlag": Object {
        "token": Object {
          "kind": "LongParameter",
          "tokenIndex": 0,
          "value": "--global-flag",
        },
        "value": true,
      },
      "globalString": Object {
        "token": undefined,
        "value": undefined,
      },
    },
  },
}
`;
